                                                                                                                                                                                                                                                                                                                                                                                         [01:34:00] [92mINFO[0m - 'get all posts' request run
[01:34:04] [92mINFO[0m - Running Test: get all users
[01:34:04] [92mINFO[0m - Running test: get single user 'user_id' = 1
[01:34:05] [92mINFO[0m - Running test: get single user 'user_id' = 5
[01:34:05] [92mINFO[0m - Running test: get single user 'user_id' = 8
[01:34:06] [92mINFO[0m - Running test: create user
[01:34:07] [92mINFO[0m - Running test: update user 'put'
[01:34:08] [92mINFO[0m - Running test: update user 'patch'
[01:34:08] [92mINFO[0m - Running test: delete user
