[00:22:34] [92mINFO[0m - Running Test: get all users
